MSE_det
[0.903 0.723 0.563 0.423 0.303 0.203 0.123 0.063 0.023 0.003]
MSE_mean
[0.003 0.023 0.063 0.123 0.203 0.303 0.423 0.562 0.722 0.902]
crps
[0.239 0.272 0.305 0.339 0.372 0.405 0.439 0.472 0.505 0.539]
variance
[1. 1. 1. 1. 1. 1. 1. 1. 1. 1.]
